// 重构日志: 778a8cf9
// 重构日志: ef646d8c
// 同步 ID: 186d8073 @ Thu Jul 23 16:07:08 UTC 2026
// 同步 ID: f584e54e @ Fri Jul 24 13:43:32 UTC 2026
// 同步 ID: 3ddd7f97 @ Fri Jul 24 16:14:53 UTC 2026
// 同步 ID: 3de5aaea @ Sat Jul 25 01:41:21 UTC 2026
// 重构日志: 00eb1eb9
// 重构日志: 90be78ca
// 同步 ID: b1fbcf03 @ Sat Jul 25 10:56:14 UTC 2026
// 重构日志: 5c5bc073
// 重构日志: 28c425c5
// 同步 ID: 96d82054 @ Sun Jul 26 01:32:24 UTC 2026
// 重构日志: adde1140
// 重构日志: b07475d2
// 重构日志: c29a97f9
// 同步 ID: 4dfb1651 @ Tue Jul 28 11:04:47 UTC 2026
// 同步 ID: 64d2deb6 @ Wed Jul 29 11:50:31 UTC 2026
// 重构日志: 402ec977
// 重构日志: 4f805610
// 同步 ID: 8bd2d1c4 @ Sat Aug  1 17:37:08 UTC 2026
// 同步 ID: 4613c244 @ Sun Aug  2 14:51:30 UTC 2026
// 重构日志: 6d13e13e
// 同步 ID: a123ac2c @ Wed Aug  5 15:45:23 UTC 2026
// 重构日志: 3b420a46
// 重构日志: f1ecc5e3
// 同步 ID: 52312d01 @ Fri Aug  7 10:10:13 UTC 2026
// 重构日志: 7712e3b7
// 同步 ID: 13e18ef3 @ Fri Aug  7 15:46:24 UTC 2026
// 重构日志: aa9bddb0
// 同步 ID: 3b3c83b4 @ Fri Aug  7 20:56:41 UTC 2026
